10.143.2.25 - - [21/Jan/2022:16:02:17 +0000] "GET /wp-content/themes/go/dist/js/frontend.min.js?ver=1.5.2 HTTP/1.1" 200 2981 "https://intranet.smith.russellmitchell.com/?p=5" "Mozilla/5.0 (X11; Linux x86_64) AppleWebKit/537.36 (KHTML, like Gecko) HeadlessChrome/97.0.4692.71 Safari/537.36"
10.143.2.25 - - [21/Jan/2022:16:02:17 +0000] "GET /wp-includes/js/comment-reply.min.js?ver=5.8.3 HTTP/1.1" 200 1702 "https://intranet.smith.russellmitchell.com/?p=5" "Mozilla/5.0 (X11; Linux x86_64) AppleWebKit/537.36 (KHTML, like Gecko) HeadlessChrome/97.0.4692.71 Safari/537.36"
10.143.2.25 - - [21/Jan/2022:16:02:17 +0000] "GET /wp-includes/js/wp-embed.min.js?ver=5.8.3 HTTP/1.1" 200 1120 "https://intranet.smith.russellmitchell.com/?p=5" "Mozilla/5.0 (X11; Linux x86_64) AppleWebKit/537.36 (KHTML, like Gecko) HeadlessChrome/97.0.4692.71 Safari/537.36"
10.143.2.25 - - [21/Jan/2022:16:02:17 +0000] "GET /wp-content/plugins/wpdiscuz/assets/js/wpdiscuz-combo.min.js?ver=7.0.4 HTTP/1.1" 200 71266 "https://intranet.smith.russellmitchell.com/?p=5" "Mozilla/5.0 (X11; Linux x86_64) AppleWebKit/537.36 (KHTML, like Gecko) HeadlessChrome/97.0.4692.71 Safari/537.36"
10.143.2.25 - - [21/Jan/2022:16:02:17 +0000] "GET /wp-content/plugins/wpdiscuz/assets/third-party/font-awesome-5.13.0/webfonts/fa-regular-400.woff2 HTTP/1.1" 200 13874 "https://intranet.smith.russellmitchell.com/wp-content/plugins/wpdiscuz/assets/third-party/font-awesome-5.13.0/css/fa.min.css?ver=7.0.4" "Mozilla/5.0 (X11; Linux x86_64) AppleWebKit/537.36 (KHTML, like Gecko) HeadlessChrome/97.0.4692.71 Safari/537.36"
10.143.2.25 - - [21/Jan/2022:16:02:17 +0000] "GET /wp-content/plugins/wpdiscuz/assets/third-party/font-awesome-5.13.0/webfonts/fa-solid-900.woff2 HTTP/1.1" 200 79823 "https://intranet.smith.russellmitchell.com/wp-content/plugins/wpdiscuz/assets/third-party/font-awesome-5.13.0/css/fa.min.css?ver=7.0.4" "Mozilla/5.0 (X11; Linux x86_64) AppleWebKit/537.36 (KHTML, like Gecko) HeadlessChrome/97.0.4692.71 Safari/537.36"
10.143.2.25 - - [21/Jan/2022:16:02:17 +0000] "GET /wp-content/plugins/wpdiscuz/themes/default/css/fonts/sqr721c-webfont.woff2 HTTP/1.1" 200 18908 "https://intranet.smith.russellmitchell.com/wp-content/plugins/wpdiscuz/themes/default/style.css?ver=7.0.4" "Mozilla/5.0 (X11; Linux x86_64) AppleWebKit/537.36 (KHTML, like Gecko) HeadlessChrome/97.0.4692.71 Safari/537.36"
10.143.2.25 - - [21/Jan/2022:16:02:17 +0000] "GET /wp-content/plugins/wpdiscuz/assets/third-party/font-awesome-5.13.0/webfonts/fa-brands-400.woff2 HTTP/1.1" 200 76991 "https://intranet.smith.russellmitchell.com/wp-content/plugins/wpdiscuz/assets/third-party/font-awesome-5.13.0/css/fa.min.css?ver=7.0.4" "Mozilla/5.0 (X11; Linux x86_64) AppleWebKit/537.36 (KHTML, like Gecko) HeadlessChrome/97.0.4692.71 Safari/537.36"
10.143.2.25 - - [21/Jan/2022:16:02:36 +0000] "-" 408 3020 "-" "-"
::1 - - [21/Jan/2022:16:02:39 +0000] "OPTIONS * HTTP/1.0" 200 110 "-" "Apache/2.4.29 (Ubuntu) OpenSSL/1.1.1 (internal dummy connection)"
10.143.2.25 - - [21/Jan/2022:16:05:59 +0000] "GET /wp-content/plugins/wpdiscuz/assets/img/loading.gif HTTP/1.1" 200 4069 "https://intranet.smith.russellmitchell.com/wp-content/plugins/wpdiscuz/themes/default/style.css?ver=7.0.4" "Mozilla/5.0 (X11; Linux x86_64) AppleWebKit/537.36 (KHTML, like Gecko) HeadlessChrome/97.0.4692.71 Safari/537.36"
10.143.2.25 - - [21/Jan/2022:16:05:59 +0000] "POST /wp-admin/admin-ajax.php HTTP/1.1" 200 5577 "https://intranet.smith.russellmitchell.com/?p=5" "Mozilla/5.0 (X11; Linux x86_64) AppleWebKit/537.36 (KHTML, like Gecko) HeadlessChrome/97.0.4692.71 Safari/537.36"
10.143.2.25 - - [21/Jan/2022:16:05:59 +0000] "POST /wp-admin/admin-ajax.php HTTP/1.1" 200 549 "https://intranet.smith.russellmitchell.com/?p=5" "Mozilla/5.0 (X11; Linux x86_64) AppleWebKit/537.36 (KHTML, like Gecko) HeadlessChrome/97.0.4692.71 Safari/537.36"
10.143.2.25 - - [21/Jan/2022:16:07:08 +0000] "POST /wp-admin/admin-ajax.php HTTP/1.1" 200 5626 "https://intranet.smith.russellmitchell.com/?p=5" "Mozilla/5.0 (X11; Linux x86_64) AppleWebKit/537.36 (KHTML, like Gecko) HeadlessChrome/97.0.4692.71 Safari/537.36"
10.143.2.25 - - [21/Jan/2022:16:07:08 +0000] "POST /wp-admin/admin-ajax.php HTTP/1.1" 200 549 "https://intranet.smith.russellmitchell.com/?p=5" "Mozilla/5.0 (X11; Linux x86_64) AppleWebKit/537.36 (KHTML, like Gecko) HeadlessChrome/97.0.4692.71 Safari/537.36"
10.143.2.25 - - [21/Jan/2022:16:07:32 +0000] "GET / HTTP/1.1" 200 6202 "-" "Mozilla/5.0 (X11; Linux x86_64) AppleWebKit/537.36 (KHTML, like Gecko) HeadlessChrome/97.0.4692.71 Safari/537.36"
10.143.2.91 - - [21/Jan/2022:16:13:52 +0000] "GET / HTTP/1.1" 200 6202 "-" "Mozilla/5.0 (X11; Ubuntu; Linux x86_64; rv:86.0) Gecko/20100101 Firefox/86.0"
10.143.2.91 - - [21/Jan/2022:16:13:52 +0000] "GET /wp-content/themes/go/dist/css/style-shared.min.css?ver=1.5.2 HTTP/1.1" 200 4194 "http://intranet.smith.russellmitchell.com/" "Mozilla/5.0 (X11; Ubuntu; Linux x86_64; rv:86.0) Gecko/20100101 Firefox/86.0"
10.143.2.25 - - [21/Jan/2022:16:14:06 +0000] "GET /?p=5 HTTP/1.1" 200 25324 "-" "Mozilla/5.0 (X11; Linux x86_64) AppleWebKit/537.36 (KHTML, like Gecko) HeadlessChrome/97.0.4692.71 Safari/537.36"
10.143.2.25 - - [21/Jan/2022:16:14:06 +0000] "GET /wp-content/plugins/wpdiscuz/assets/css/wpdiscuz-combo.min.css?ver=5.8.3 HTTP/1.1" 200 7375 "https://intranet.smith.russellmitchell.com/?p=5" "Mozilla/5.0 (X11; Linux x86_64) AppleWebKit/537.36 (KHTML, like Gecko) HeadlessChrome/97.0.4692.71 Safari/537.36"
10.143.2.25 - - [21/Jan/2022:16:14:06 +0000] "GET /wp-content/plugins/wpdiscuz/assets/third-party/font-awesome-5.13.0/css/fa.min.css?ver=7.0.4 HTTP/1.1" 200 3464 "https://intranet.smith.russellmitchell.com/?p=5" "Mozilla/5.0 (X11; Linux x86_64) AppleWebKit/537.36 (KHTML, like Gecko) HeadlessChrome/97.0.4692.71 Safari/537.36"
10.143.2.25 - - [21/Jan/2022:16:14:06 +0000] "GET /wp-includes/css/dist/block-library/style.min.css?ver=5.8.3 HTTP/1.1" 200 10934 "https://intranet.smith.russellmitchell.com/?p=5" "Mozilla/5.0 (X11; Linux x86_64) AppleWebKit/537.36 (KHTML, like Gecko) HeadlessChrome/97.0.4692.71 Safari/537.36"
10.143.2.25 - - [21/Jan/2022:16:14:06 +0000] "GET /wp-content/themes/go/dist/css/design-styles/style-traditional.min.css?ver=1.5.2 HTTP/1.1" 200 1433 "https://intranet.smith.russellmitchell.com/?p=5" "Mozilla/5.0 (X11; Linux x86_64) AppleWebKit/537.36 (KHTML, like Gecko) HeadlessChrome/97.0.4692.71 Safari/537.36"
10.143.2.25 - - [21/Jan/2022:16:14:06 +0000] "GET /wp-includes/js/jquery/jquery-migrate.min.js?ver=3.3.2 HTTP/1.1" 200 4570 "https://intranet.smith.russellmitchell.com/?p=5" "Mozilla/5.0 (X11; Linux x86_64) AppleWebKit/537.36 (KHTML, like Gecko) HeadlessChrome/97.0.4692.71 Safari/537.36"
10.143.2.25 - - [21/Jan/2022:16:14:06 +0000] "GET /wp-content/plugins/wpdiscuz/themes/default/style.css?ver=7.0.4 HTTP/1.1" 200 20302 "https://intranet.smith.russellmitchell.com/?p=5" "Mozilla/5.0 (X11; Linux x86_64) AppleWebKit/537.36 (KHTML, like Gecko) HeadlessChrome/97.0.4692.71 Safari/537.36"
10.143.2.25 - - [21/Jan/2022:16:14:06 +0000] "GET /wp-content/themes/go/dist/css/style-shared.min.css?ver=1.5.2 HTTP/1.1" 200 23313 "https://intranet.smith.russellmitchell.com/?p=5" "Mozilla/5.0 (X11; Linux x86_64) AppleWebKit/537.36 (KHTML, like Gecko) HeadlessChrome/97.0.4692.71 Safari/537.36"
10.143.2.25 - - [21/Jan/2022:16:14:06 +0000] "GET /wp-includes/js/jquery/jquery.min.js?ver=3.6.0 HTTP/1.1" 200 31377 "https://intranet.smith.russellmitchell.com/?p=5" "Mozilla/5.0 (X11; Linux x86_64) AppleWebKit/537.36 (KHTML, like Gecko) HeadlessChrome/97.0.4692.71 Safari/537.36"
10.143.2.25 - - [21/Jan/2022:16:14:07 +0000] "GET /wp-includes/js/wp-emoji-release.min.js?ver=5.8.3 HTTP/1.1" 200 5331 "https://intranet.smith.russellmitchell.com/?p=5" "Mozilla/5.0 (X11; Linux x86_64) AppleWebKit/537.36 (KHTML, like Gecko) HeadlessChrome/97.0.4692.71 Safari/537.36"
10.143.2.25 - - [21/Jan/2022:16:14:07 +0000] "GET /wp-content/themes/go/dist/js/frontend.min.js?ver=1.5.2 HTTP/1.1" 200 2981 "https://intranet.smith.russellmitchell.com/?p=5" "Mozilla/5.0 (X11; Linux x86_64) AppleWebKit/537.36 (KHTML, like Gecko) HeadlessChrome/97.0.4692.71 Safari/537.36"
10.143.2.25 - - [21/Jan/2022:16:14:07 +0000] "GET /wp-includes/js/comment-reply.min.js?ver=5.8.3 HTTP/1.1" 200 1702 "https://intranet.smith.russellmitchell.com/?p=5" "Mozilla/5.0 (X11; Linux x86_64) AppleWebKit/537.36 (KHTML, like Gecko) HeadlessChrome/97.0.4692.71 Safari/537.36"
10.143.2.25 - - [21/Jan/2022:16:14:07 +0000] "GET /wp-content/plugins/wpdiscuz/assets/js/wpdiscuz-combo.min.js?ver=7.0.4 HTTP/1.1" 200 71266 "https://intranet.smith.russellmitchell.com/?p=5" "Mozilla/5.0 (X11; Linux x86_64) AppleWebKit/537.36 (KHTML, like Gecko) HeadlessChrome/97.0.4692.71 Safari/537.36"
10.143.2.25 - - [21/Jan/2022:16:14:07 +0000] "GET /wp-includes/js/wp-embed.min.js?ver=5.8.3 HTTP/1.1" 200 1120 "https://intranet.smith.russellmitchell.com/?p=5" "Mozilla/5.0 (X11; Linux x86_64) AppleWebKit/537.36 (KHTML, like Gecko) HeadlessChrome/97.0.4692.71 Safari/537.36"
10.143.2.25 - - [21/Jan/2022:16:14:07 +0000] "GET /wp-content/plugins/wpdiscuz/assets/third-party/font-awesome-5.13.0/webfonts/fa-regular-400.woff2 HTTP/1.1" 200 13874 "https://intranet.smith.russellmitchell.com/wp-content/plugins/wpdiscuz/assets/third-party/font-awesome-5.13.0/css/fa.min.css?ver=7.0.4" "Mozilla/5.0 (X11; Linux x86_64) AppleWebKit/537.36 (KHTML, like Gecko) HeadlessChrome/97.0.4692.71 Safari/537.36"
10.143.2.25 - - [21/Jan/2022:16:14:07 +0000] "GET /wp-content/plugins/wpdiscuz/themes/default/css/fonts/sqr721c-webfont.woff2 HTTP/1.1" 200 18908 "https://intranet.smith.russellmitchell.com/wp-content/plugins/wpdiscuz/themes/default/style.css?ver=7.0.4" "Mozilla/5.0 (X11; Linux x86_64) AppleWebKit/537.36 (KHTML, like Gecko) HeadlessChrome/97.0.4692.71 Safari/537.36"
10.143.2.25 - - [21/Jan/2022:16:14:07 +0000] "GET /wp-content/plugins/wpdiscuz/assets/third-party/font-awesome-5.13.0/webfonts/fa-solid-900.woff2 HTTP/1.1" 200 79823 "https://intranet.smith.russellmitchell.com/wp-content/plugins/wpdiscuz/assets/third-party/font-awesome-5.13.0/css/fa.min.css?ver=7.0.4" "Mozilla/5.0 (X11; Linux x86_64) AppleWebKit/537.36 (KHTML, like Gecko) HeadlessChrome/97.0.4692.71 Safari/537.36"
10.143.2.25 - - [21/Jan/2022:16:14:07 +0000] "GET /wp-content/plugins/wpdiscuz/assets/third-party/font-awesome-5.13.0/webfonts/fa-brands-400.woff2 HTTP/1.1" 200 80012 "https://intranet.smith.russellmitchell.com/wp-content/plugins/wpdiscuz/assets/third-party/font-awesome-5.13.0/css/fa.min.css?ver=7.0.4" "Mozilla/5.0 (X11; Linux x86_64) AppleWebKit/537.36 (KHTML, like Gecko) HeadlessChrome/97.0.4692.71 Safari/537.36"
10.143.2.25 - - [21/Jan/2022:16:14:27 +0000] "-" 408 3020 "-" "-"
::1 - - [21/Jan/2022:16:14:29 +0000] "OPTIONS * HTTP/1.0" 200 110 "-" "Apache/2.4.29 (Ubuntu) OpenSSL/1.1.1 (internal dummy connection)"
10.143.2.91 - - [21/Jan/2022:16:16:50 +0000] "GET /?p=5 HTTP/1.1" 200 25241 "-" "Mozilla/5.0 (X11; Ubuntu; Linux x86_64; rv:86.0) Gecko/20100101 Firefox/86.0"
10.143.2.91 - - [21/Jan/2022:16:16:51 +0000] "GET /wp-includes/css/dist/block-library/style.min.css?ver=5.8.3 HTTP/1.1" 200 10934 "https://intranet.smith.russellmitchell.com/?p=5" "Mozilla/5.0 (X11; Ubuntu; Linux x86_64; rv:86.0) Gecko/20100101 Firefox/86.0"
10.143.2.25 - - [21/Jan/2022:16:20:13 +0000] "GET /wp-content/plugins/wpdiscuz/assets/img/loading.gif HTTP/1.1" 200 6514 "https://intranet.smith.russellmitchell.com/wp-content/plugins/wpdiscuz/themes/default/style.css?ver=7.0.4" "Mozilla/5.0 (X11; Linux x86_64) AppleWebKit/537.36 (KHTML, like Gecko) HeadlessChrome/97.0.4692.71 Safari/537.36"
10.143.2.25 - - [21/Jan/2022:16:20:13 +0000] "POST /wp-admin/admin-ajax.php HTTP/1.1" 200 8006 "https://intranet.smith.russellmitchell.com/?p=5" "Mozilla/5.0 (X11; Linux x86_64) AppleWebKit/537.36 (KHTML, like Gecko) HeadlessChrome/97.0.4692.71 Safari/537.36"
10.143.2.25 - - [21/Jan/2022:16:20:13 +0000] "POST /wp-admin/admin-ajax.php HTTP/1.1" 200 549 "https://intranet.smith.russellmitchell.com/?p=5" "Mozilla/5.0 (X11; Linux x86_64) AppleWebKit/537.36 (KHTML, like Gecko) HeadlessChrome/97.0.4692.71 Safari/537.36"
10.143.2.91 - - [21/Jan/2022:16:20:37 +0000] "POST /wp-admin/admin-ajax.php HTTP/1.1" 200 1237 "https://intranet.smith.russellmitchell.com/?p=5" "Mozilla/5.0 (X11; Ubuntu; Linux x86_64; rv:86.0) Gecko/20100101 Firefox/86.0"
10.143.2.91 - - [21/Jan/2022:16:20:46 +0000] "GET / HTTP/1.1" 200 6202 "-" "Mozilla/5.0 (X11; Ubuntu; Linux x86_64; rv:86.0) Gecko/20100101 Firefox/86.0"
10.143.2.91 - - [21/Jan/2022:16:20:46 +0000] "GET /favicon.ico HTTP/1.1" 404 396 "http://intranet.smith.russellmitchell.com/" "Mozilla/5.0 (X11; Ubuntu; Linux x86_64; rv:86.0) Gecko/20100101 Firefox/86.0"
10.143.2.25 - - [21/Jan/2022:16:20:52 +0000] "GET / HTTP/1.1" 200 6202 "-" "Mozilla/5.0 (X11; Linux x86_64) AppleWebKit/537.36 (KHTML, like Gecko) HeadlessChrome/97.0.4692.71 Safari/537.36"
10.143.2.25 - - [21/Jan/2022:16:25:01 +0000] "GET / HTTP/1.1" 200 6202 "-" "Mozilla/5.0 (X11; Linux x86_64) AppleWebKit/537.36 (KHTML, like Gecko) HeadlessChrome/97.0.4692.71 Safari/537.36"
10.143.3.65 - - [21/Jan/2022:16:43:39 +0000] "GET / HTTP/1.1" 200 6202 "-" "Mozilla/5.0 (X11; Ubuntu; Linux x86_64; rv:86.0) Gecko/20100101 Firefox/86.0"
10.143.2.4 - - [21/Jan/2022:16:43:39 +0000] "POST /wp-cron.php?doing_wp_cron=1642783419.2603209018707275390625 HTTP/1.1" 200 150 "-" "WordPress/5.8.3; https://intranet.smith.russellmitchell.com"
172.19.131.174 - - [21/Jan/2022:16:45:57 +0000] "GET / HTTP/1.1" 200 6202 "-" "Mozilla/5.0 (X11; Ubuntu; Linux x86_64; rv:86.0) Gecko/20100101 Firefox/86.0"
172.19.131.174 - - [21/Jan/2022:16:47:48 +0000] "GET /?p=5 HTTP/1.1" 200 25383 "-" "Mozilla/5.0 (X11; Ubuntu; Linux x86_64; rv:86.0) Gecko/20100101 Firefox/86.0"
172.19.131.174 - - [21/Jan/2022:16:49:07 +0000] "POST /wp-admin/admin-ajax.php HTTP/1.1" 200 1187 "https://intranet.smith.russellmitchell.com/?p=5" "Mozilla/5.0 (X11; Ubuntu; Linux x86_64; rv:86.0) Gecko/20100101 Firefox/86.0"
172.19.131.174 - - [21/Jan/2022:16:49:14 +0000] "POST /wp-admin/admin-ajax.php HTTP/1.1" 200 1238 "https://intranet.smith.russellmitchell.com/?p=5" "Mozilla/5.0 (X11; Ubuntu; Linux x86_64; rv:86.0) Gecko/20100101 Firefox/86.0"
172.19.131.174 - - [21/Jan/2022:16:49:48 +0000] "POST /wp-admin/admin-ajax.php HTTP/1.1" 200 5507 "https://intranet.smith.russellmitchell.com/?p=5" "Mozilla/5.0 (X11; Ubuntu; Linux x86_64; rv:86.0) Gecko/20100101 Firefox/86.0"
172.19.131.174 - - [21/Jan/2022:16:49:48 +0000] "POST /wp-admin/admin-ajax.php HTTP/1.1" 200 549 "https://intranet.smith.russellmitchell.com/?p=5" "Mozilla/5.0 (X11; Ubuntu; Linux x86_64; rv:86.0) Gecko/20100101 Firefox/86.0"
172.19.131.174 - - [21/Jan/2022:16:50:36 +0000] "POST /wp-admin/admin-ajax.php HTTP/1.1" 200 5493 "https://intranet.smith.russellmitchell.com/?p=5" "Mozilla/5.0 (X11; Ubuntu; Linux x86_64; rv:86.0) Gecko/20100101 Firefox/86.0"
172.19.131.174 - - [21/Jan/2022:16:50:36 +0000] "POST /wp-admin/admin-ajax.php HTTP/1.1" 200 549 "https://intranet.smith.russellmitchell.com/?p=5" "Mozilla/5.0 (X11; Ubuntu; Linux x86_64; rv:86.0) Gecko/20100101 Firefox/86.0"
172.19.131.174 - - [21/Jan/2022:16:51:01 +0000] "GET / HTTP/1.1" 200 6202 "-" "Mozilla/5.0 (X11; Ubuntu; Linux x86_64; rv:86.0) Gecko/20100101 Firefox/86.0"
172.19.131.174 - - [21/Jan/2022:16:52:55 +0000] "GET /?p=5 HTTP/1.1" 200 23170 "-" "Mozilla/5.0 (X11; Ubuntu; Linux x86_64; rv:86.0) Gecko/20100101 Firefox/86.0"
172.19.131.174 - - [21/Jan/2022:16:52:55 +0000] "GET /wp-content/plugins/wpdiscuz/assets/third-party/font-awesome-5.13.0/webfonts/fa-regular-400.woff2 HTTP/1.1" 200 13874 "https://intranet.smith.russellmitchell.com/wp-content/plugins/wpdiscuz/assets/third-party/font-awesome-5.13.0/css/fa.min.css?ver=7.0.4" "Mozilla/5.0 (X11; Ubuntu; Linux x86_64; rv:86.0) Gecko/20100101 Firefox/86.0"
172.19.131.174 - - [21/Jan/2022:16:55:31 +0000] "POST /wp-admin/admin-ajax.php HTTP/1.1" 200 5593 "https://intranet.smith.russellmitchell.com/?p=5" "Mozilla/5.0 (X11; Ubuntu; Linux x86_64; rv:86.0) Gecko/20100101 Firefox/86.0"
172.19.131.174 - - [21/Jan/2022:16:55:31 +0000] "POST /wp-admin/admin-ajax.php HTTP/1.1" 200 549 "https://intranet.smith.russellmitchell.com/?p=5" "Mozilla/5.0 (X11; Ubuntu; Linux x86_64; rv:86.0) Gecko/20100101 Firefox/86.0"
172.19.131.174 - - [21/Jan/2022:16:56:30 +0000] "POST /wp-admin/admin-ajax.php HTTP/1.1" 200 5722 "https://intranet.smith.russellmitchell.com/?p=5" "Mozilla/5.0 (X11; Ubuntu; Linux x86_64; rv:86.0) Gecko/20100101 Firefox/86.0"
172.19.131.174 - - [21/Jan/2022:16:56:30 +0000] "POST /wp-admin/admin-ajax.php HTTP/1.1" 200 549 "https://intranet.smith.russellmitchell.com/?p=5" "Mozilla/5.0 (X11; Ubuntu; Linux x86_64; rv:86.0) Gecko/20100101 Firefox/86.0"
172.19.131.174 - - [21/Jan/2022:16:56:51 +0000] "POST /wp-admin/admin-ajax.php HTTP/1.1" 200 1239 "https://intranet.smith.russellmitchell.com/?p=5" "Mozilla/5.0 (X11; Ubuntu; Linux x86_64; rv:86.0) Gecko/20100101 Firefox/86.0"
172.19.131.174 - - [21/Jan/2022:16:57:28 +0000] "POST /wp-admin/admin-ajax.php HTTP/1.1" 200 5533 "https://intranet.smith.russellmitchell.com/?p=5" "Mozilla/5.0 (X11; Ubuntu; Linux x86_64; rv:86.0) Gecko/20100101 Firefox/86.0"
172.19.131.174 - - [21/Jan/2022:16:57:28 +0000] "POST /wp-admin/admin-ajax.php HTTP/1.1" 200 549 "https://intranet.smith.russellmitchell.com/?p=5" "Mozilla/5.0 (X11; Ubuntu; Linux x86_64; rv:86.0) Gecko/20100101 Firefox/86.0"
172.19.131.174 - - [21/Jan/2022:16:57:58 +0000] "GET / HTTP/1.1" 200 6202 "-" "Mozilla/5.0 (X11; Ubuntu; Linux x86_64; rv:86.0) Gecko/20100101 Firefox/86.0"
10.143.2.91 - - [21/Jan/2022:17:31:28 +0000] "GET / HTTP/1.1" 200 6202 "-" "Mozilla/5.0 (X11; Ubuntu; Linux x86_64; rv:86.0) Gecko/20100101 Firefox/86.0"
10.143.2.4 - - [21/Jan/2022:17:31:28 +0000] "POST /wp-cron.php?doing_wp_cron=1642786288.7558040618896484375000 HTTP/1.1" 200 150 "-" "WordPress/5.8.3; https://intranet.smith.russellmitchell.com"
10.143.2.91 - - [21/Jan/2022:17:31:28 +0000] "GET /wp-content/themes/go/dist/js/frontend.min.js?ver=1.5.2 HTTP/1.1" 200 2915 "http://intranet.smith.russellmitchell.com/" "Mozilla/5.0 (X11; Ubuntu; Linux x86_64; rv:86.0) Gecko/20100101 Firefox/86.0"
10.143.2.91 - - [21/Jan/2022:17:31:28 +0000] "GET /wp-content/themes/go/dist/css/design-styles/style-traditional.min.css?ver=1.5.2 HTTP/1.1" 200 1412 "http://intranet.smith.russellmitchell.com/" "Mozilla/5.0 (X11; Ubuntu; Linux x86_64; rv:86.0) Gecko/20100101 Firefox/86.0"
10.143.2.91 - - [21/Jan/2022:17:31:28 +0000] "GET /wp-content/themes/go/dist/css/style-shared.min.css?ver=1.5.2 HTTP/1.1" 200 23203 "http://intranet.smith.russellmitchell.com/" "Mozilla/5.0 (X11; Ubuntu; Linux x86_64; rv:86.0) Gecko/20100101 Firefox/86.0"
10.143.2.91 - - [21/Jan/2022:18:09:45 +0000] "GET / HTTP/1.1" 200 6202 "-" "Mozilla/5.0 (X11; Ubuntu; Linux x86_64; rv:86.0) Gecko/20100101 Firefox/86.0"
10.143.2.25 - - [21/Jan/2022:18:09:56 +0000] "GET / HTTP/1.1" 200 6202 "-" "Mozilla/5.0 (X11; Linux x86_64) AppleWebKit/537.36 (KHTML, like Gecko) HeadlessChrome/97.0.4692.71 Safari/537.36"
10.143.2.91 - - [21/Jan/2022:18:11:51 +0000] "GET /?p=5 HTTP/1.1" 200 25764 "-" "Mozilla/5.0 (X11; Ubuntu; Linux x86_64; rv:86.0) Gecko/20100101 Firefox/86.0"
10.143.2.91 - - [21/Jan/2022:18:11:51 +0000] "GET /wp-includes/css/dist/block-library/style.min.css?ver=5.8.3 HTTP/1.1" 200 10934 "https://intranet.smith.russellmitchell.com/?p=5" "Mozilla/5.0 (X11; Ubuntu; Linux x86_64; rv:86.0) Gecko/20100101 Firefox/86.0"
10.143.2.91 - - [21/Jan/2022:18:11:51 +0000] "GET /wp-content/plugins/wpdiscuz/assets/third-party/font-awesome-5.13.0/css/fa.min.css?ver=7.0.4 HTTP/1.1" 200 3464 "https://intranet.smith.russellmitchell.com/?p=5" "Mozilla/5.0 (X11; Ubuntu; Linux x86_64; rv:86.0) Gecko/20100101 Firefox/86.0"
10.143.2.91 - - [21/Jan/2022:18:11:51 +0000] "GET /wp-content/plugins/wpdiscuz/assets/css/wpdiscuz-combo.min.css?ver=5.8.3 HTTP/1.1" 200 7375 "https://intranet.smith.russellmitchell.com/?p=5" "Mozilla/5.0 (X11; Ubuntu; Linux x86_64; rv:86.0) Gecko/20100101 Firefox/86.0"
10.143.2.91 - - [21/Jan/2022:18:11:51 +0000] "GET /wp-content/plugins/wpdiscuz/themes/default/style.css?ver=7.0.4 HTTP/1.1" 200 20302 "https://intranet.smith.russellmitchell.com/?p=5" "Mozilla/5.0 (X11; Ubuntu; Linux x86_64; rv:86.0) Gecko/20100101 Firefox/86.0"
10.143.2.91 - - [21/Jan/2022:18:11:51 +0000] "GET /wp-content/themes/go/dist/css/design-styles/style-traditional.min.css?ver=1.5.2 HTTP/1.1" 200 2009 "https://intranet.smith.russellmitchell.com/?p=5" "Mozilla/5.0 (X11; Ubuntu; Linux x86_64; rv:86.0) Gecko/20100101 Firefox/86.0"
10.143.2.91 - - [21/Jan/2022:18:11:51 +0000] "GET /wp-content/themes/go/dist/js/frontend.min.js?ver=1.5.2 HTTP/1.1" 200 2981 "https://intranet.smith.russellmitchell.com/?p=5" "Mozilla/5.0 (X11; Ubuntu; Linux x86_64; rv:86.0) Gecko/20100101 Firefox/86.0"
10.143.2.91 - - [21/Jan/2022:18:11:51 +0000] "GET /wp-content/themes/go/dist/css/style-shared.min.css?ver=1.5.2 HTTP/1.1" 200 23889 "https://intranet.smith.russellmitchell.com/?p=5" "Mozilla/5.0 (X11; Ubuntu; Linux x86_64; rv:86.0) Gecko/20100101 Firefox/86.0"
10.143.2.91 - - [21/Jan/2022:18:11:51 +0000] "GET /wp-content/plugins/wpdiscuz/assets/js/wpdiscuz-combo.min.js?ver=7.0.4 HTTP/1.1" 200 71842 "https://intranet.smith.russellmitchell.com/?p=5" "Mozilla/5.0 (X11; Ubuntu; Linux x86_64; rv:86.0) Gecko/20100101 Firefox/86.0"
10.143.2.91 - - [21/Jan/2022:18:11:52 +0000] "GET /wp-content/plugins/wpdiscuz/themes/default/css/fonts/sqr721c-webfont.woff2 HTTP/1.1" 304 187 "https://intranet.smith.russellmitchell.com/wp-content/plugins/wpdiscuz/themes/default/style.css?ver=7.0.4" "Mozilla/5.0 (X11; Ubuntu; Linux x86_64; rv:86.0) Gecko/20100101 Firefox/86.0"
10.143.2.91 - - [21/Jan/2022:18:11:52 +0000] "GET /wp-content/plugins/wpdiscuz/assets/third-party/font-awesome-5.13.0/webfonts/fa-regular-400.woff2 HTTP/1.1" 304 187 "https://intranet.smith.russellmitchell.com/wp-content/plugins/wpdiscuz/assets/third-party/font-awesome-5.13.0/css/fa.min.css?ver=7.0.4" "Mozilla/5.0 (X11; Ubuntu; Linux x86_64; rv:86.0) Gecko/20100101 Firefox/86.0"
10.143.2.91 - - [21/Jan/2022:18:11:52 +0000] "GET /wp-content/plugins/wpdiscuz/assets/third-party/font-awesome-5.13.0/webfonts/fa-solid-900.woff2 HTTP/1.1" 304 188 "https://intranet.smith.russellmitchell.com/wp-content/plugins/wpdiscuz/assets/third-party/font-awesome-5.13.0/css/fa.min.css?ver=7.0.4" "Mozilla/5.0 (X11; Ubuntu; Linux x86_64; rv:86.0) Gecko/20100101 Firefox/86.0"
10.143.2.91 - - [21/Jan/2022:18:11:52 +0000] "GET /wp-content/plugins/wpdiscuz/assets/third-party/font-awesome-5.13.0/webfonts/fa-brands-400.woff2 HTTP/1.1" 304 188 "https://intranet.smith.russellmitchell.com/wp-content/plugins/wpdiscuz/assets/third-party/font-awesome-5.13.0/css/fa.min.css?ver=7.0.4" "Mozilla/5.0 (X11; Ubuntu; Linux x86_64; rv:86.0) Gecko/20100101 Firefox/86.0"
::1 - - [21/Jan/2022:18:11:57 +0000] "OPTIONS * HTTP/1.0" 200 110 "-" "Apache/2.4.29 (Ubuntu) OpenSSL/1.1.1 (internal dummy connection)"
10.143.2.91 - - [21/Jan/2022:18:14:46 +0000] "GET /wp-content/plugins/wpdiscuz/assets/img/loading.gif HTTP/1.1" 304 762 "https://intranet.smith.russellmitchell.com/wp-content/plugins/wpdiscuz/themes/default/style.css?ver=7.0.4" "Mozilla/5.0 (X11; Ubuntu; Linux x86_64; rv:86.0) Gecko/20100101 Firefox/86.0"
10.143.2.91 - - [21/Jan/2022:18:14:46 +0000] "POST /wp-admin/admin-ajax.php HTTP/1.1" 200 5723 "https://intranet.smith.russellmitchell.com/?p=5" "Mozilla/5.0 (X11; Ubuntu; Linux x86_64; rv:86.0) Gecko/20100101 Firefox/86.0"
10.143.2.91 - - [21/Jan/2022:18:14:46 +0000] "POST /wp-admin/admin-ajax.php HTTP/1.1" 200 549 "https://intranet.smith.russellmitchell.com/?p=5" "Mozilla/5.0 (X11; Ubuntu; Linux x86_64; rv:86.0) Gecko/20100101 Firefox/86.0"
10.143.2.91 - - [21/Jan/2022:18:15:10 +0000] "GET / HTTP/1.1" 200 6202 "-" "Mozilla/5.0 (X11; Ubuntu; Linux x86_64; rv:86.0) Gecko/20100101 Firefox/86.0"
10.143.2.91 - - [21/Jan/2022:18:17:55 +0000] "GET /?p=5 HTTP/1.1" 200 23516 "-" "Mozilla/5.0 (X11; Ubuntu; Linux x86_64; rv:86.0) Gecko/20100101 Firefox/86.0"
10.143.2.91 - - [21/Jan/2022:18:22:41 +0000] "POST /wp-admin/admin-ajax.php HTTP/1.1" 200 5706 "https://intranet.smith.russellmitchell.com/?p=5" "Mozilla/5.0 (X11; Ubuntu; Linux x86_64; rv:86.0) Gecko/20100101 Firefox/86.0"
10.143.2.91 - - [21/Jan/2022:18:22:41 +0000] "POST /wp-admin/admin-ajax.php HTTP/1.1" 200 549 "https://intranet.smith.russellmitchell.com/?p=5" "Mozilla/5.0 (X11; Ubuntu; Linux x86_64; rv:86.0) Gecko/20100101 Firefox/86.0"
10.143.2.91 - - [21/Jan/2022:18:23:06 +0000] "GET / HTTP/1.1" 200 6203 "-" "Mozilla/5.0 (X11; Ubuntu; Linux x86_64; rv:86.0) Gecko/20100101 Firefox/86.0"
172.19.131.174 - - [21/Jan/2022:18:24:05 +0000] "GET / HTTP/1.1" 200 6203 "-" "Mozilla/5.0 (X11; Linux x86_64) AppleWebKit/537.36 (KHTML, like Gecko) HeadlessChrome/97.0.4692.71 Safari/537.36"
172.19.131.174 - - [21/Jan/2022:18:24:05 +0000] "GET /wp-includes/css/dist/block-library/style.min.css?ver=5.8.3 HTTP/1.1" 200 10846 "http://intranet.smith.russellmitchell.com/" "Mozilla/5.0 (X11; Linux x86_64) AppleWebKit/537.36 (KHTML, like Gecko) HeadlessChrome/97.0.4692.71 Safari/537.36"
172.19.131.174 - - [21/Jan/2022:18:24:05 +0000] "GET /wp-includes/js/wp-embed.min.js?ver=5.8.3 HTTP/1.1" 200 1099 "http://intranet.smith.russellmitchell.com/" "Mozilla/5.0 (X11; Linux x86_64) AppleWebKit/537.36 (KHTML, like Gecko) HeadlessChrome/97.0.4692.71 Safari/537.36"
172.19.131.174 - - [21/Jan/2022:18:24:05 +0000] "GET /wp-content/themes/go/dist/js/frontend.min.js?ver=1.5.2 HTTP/1.1" 200 2916 "http://intranet.smith.russellmitchell.com/" "Mozilla/5.0 (X11; Linux x86_64) AppleWebKit/537.36 (KHTML, like Gecko) HeadlessChrome/97.0.4692.71 Safari/537.36"
172.19.131.174 - - [21/Jan/2022:18:24:05 +0000] "GET /wp-content/themes/go/dist/css/design-styles/style-traditional.min.css?ver=1.5.2 HTTP/1.1" 200 1411 "http://intranet.smith.russellmitchell.com/" "Mozilla/5.0 (X11; Linux x86_64) AppleWebKit/537.36 (KHTML, like Gecko) HeadlessChrome/97.0.4692.71 Safari/537.36"
172.19.131.174 - - [21/Jan/2022:18:24:05 +0000] "GET /wp-content/themes/go/dist/css/style-shared.min.css?ver=1.5.2 HTTP/1.1" 200 23204 "http://intranet.smith.russellmitchell.com/" "Mozilla/5.0 (X11; Linux x86_64) AppleWebKit/537.36 (KHTML, like Gecko) HeadlessChrome/97.0.4692.71 Safari/537.36"
172.19.131.174 - - [21/Jan/2022:18:24:06 +0000] "GET /wp-includes/js/wp-emoji-release.min.js?ver=5.8.3 HTTP/1.1" 200 5265 "http://intranet.smith.russellmitchell.com/" "Mozilla/5.0 (X11; Linux x86_64) AppleWebKit/537.36 (KHTML, like Gecko) HeadlessChrome/97.0.4692.71 Safari/537.36"
172.19.131.174 - - [21/Jan/2022:18:24:57 +0000] "-" 408 0 "-" "-"
10.143.2.91 - - [21/Jan/2022:18:27:08 +0000] "GET /?p=5 HTTP/1.1" 200 23711 "-" "Mozilla/5.0 (X11; Ubuntu; Linux x86_64; rv:86.0) Gecko/20100101 Firefox/86.0"
172.19.131.174 - - [21/Jan/2022:18:27:38 +0000] "GET /?p=5 HTTP/1.1" 200 26017 "-" "Mozilla/5.0 (X11; Linux x86_64) AppleWebKit/537.36 (KHTML, like Gecko) HeadlessChrome/97.0.4692.71 Safari/537.36"
172.19.131.174 - - [21/Jan/2022:18:27:39 +0000] "GET /wp-includes/css/dist/block-library/style.min.css?ver=5.8.3 HTTP/1.1" 200 10934 "https://intranet.smith.russellmitchell.com/?p=5" "Mozilla/5.0 (X11; Linux x86_64) AppleWebKit/537.36 (KHTML, like Gecko) HeadlessChrome/97.0.4692.71 Safari/537.36"
172.19.131.174 - - [21/Jan/2022:18:27:39 +0000] "GET /wp-content/plugins/wpdiscuz/assets/third-party/font-awesome-5.13.0/css/fa.min.css?ver=7.0.4 HTTP/1.1" 200 3464 "https://intranet.smith.russellmitchell.com/?p=5" "Mozilla/5.0 (X11; Linux x86_64) AppleWebKit/537.36 (KHTML, like Gecko) HeadlessChrome/97.0.4692.71 Safari/537.36"
172.19.131.174 - - [21/Jan/2022:18:27:39 +0000] "GET /wp-content/plugins/wpdiscuz/themes/default/style.css?ver=7.0.4 HTTP/1.1" 200 20302 "https://intranet.smith.russellmitchell.com/?p=5" "Mozilla/5.0 (X11; Linux x86_64) AppleWebKit/537.36 (KHTML, like Gecko) HeadlessChrome/97.0.4692.71 Safari/537.36"
172.19.131.174 - - [21/Jan/2022:18:27:39 +0000] "GET /wp-content/themes/go/dist/css/design-styles/style-traditional.min.css?ver=1.5.2 HTTP/1.1" 200 1433 "https://intranet.smith.russellmitchell.com/?p=5" "Mozilla/5.0 (X11; Linux x86_64) AppleWebKit/537.36 (KHTML, like Gecko) HeadlessChrome/97.0.4692.71 Safari/537.36"
172.19.131.174 - - [21/Jan/2022:18:27:39 +0000] "GET /wp-includes/js/jquery/jquery-migrate.min.js?ver=3.3.2 HTTP/1.1" 200 4570 "https://intranet.smith.russellmitchell.com/?p=5" "Mozilla/5.0 (X11; Linux x86_64) AppleWebKit/537.36 (KHTML, like Gecko) HeadlessChrome/97.0.4692.71 Safari/537.36"
172.19.131.174 - - [21/Jan/2022:18:27:39 +0000] "GET /wp-content/plugins/wpdiscuz/assets/css/wpdiscuz-combo.min.css?ver=5.8.3 HTTP/1.1" 200 7375 "https://intranet.smith.russellmitchell.com/?p=5" "Mozilla/5.0 (X11; Linux x86_64) AppleWebKit/537.36 (KHTML, like Gecko) HeadlessChrome/97.0.4692.71 Safari/537.36"
172.19.131.174 - - [21/Jan/2022:18:27:39 +0000] "GET /wp-content/themes/go/dist/css/style-shared.min.css?ver=1.5.2 HTTP/1.1" 200 23889 "https://intranet.smith.russellmitchell.com/?p=5" "Mozilla/5.0 (X11; Linux x86_64) AppleWebKit/537.36 (KHTML, like Gecko) HeadlessChrome/97.0.4692.71 Safari/537.36"
172.19.131.174 - - [21/Jan/2022:18:27:39 +0000] "GET /wp-includes/js/jquery/jquery.min.js?ver=3.6.0 HTTP/1.1" 200 34398 "https://intranet.smith.russellmitchell.com/?p=5" "Mozilla/5.0 (X11; Linux x86_64) AppleWebKit/537.36 (KHTML, like Gecko) HeadlessChrome/97.0.4692.71 Safari/537.36"
172.19.131.174 - - [21/Jan/2022:18:27:39 +0000] "GET /wp-includes/js/wp-emoji-release.min.js?ver=5.8.3 HTTP/1.1" 200 5331 "https://intranet.smith.russellmitchell.com/?p=5" "Mozilla/5.0 (X11; Linux x86_64) AppleWebKit/537.36 (KHTML, like Gecko) HeadlessChrome/97.0.4692.71 Safari/537.36"
172.19.131.174 - - [21/Jan/2022:18:27:39 +0000] "GET /wp-content/plugins/wpdiscuz/themes/default/css/fonts/sqr721c-webfont.woff2 HTTP/1.1" 200 18908 "https://intranet.smith.russellmitchell.com/wp-content/plugins/wpdiscuz/themes/default/style.css?ver=7.0.4" "Mozilla/5.0 (X11; Linux x86_64) AppleWebKit/537.36 (KHTML, like Gecko) HeadlessChrome/97.0.4692.71 Safari/537.36"
172.19.131.174 - - [21/Jan/2022:18:27:39 +0000] "GET /wp-content/plugins/wpdiscuz/assets/third-party/font-awesome-5.13.0/webfonts/fa-regular-400.woff2 HTTP/1.1" 200 13874 "https://intranet.smith.russellmitchell.com/wp-content/plugins/wpdiscuz/assets/third-party/font-awesome-5.13.0/css/fa.min.css?ver=7.0.4" "Mozilla/5.0 (X11; Linux x86_64) AppleWebKit/537.36 (KHTML, like Gecko) HeadlessChrome/97.0.4692.71 Safari/537.36"
172.19.131.174 - - [21/Jan/2022:18:27:39 +0000] "GET /wp-content/plugins/wpdiscuz/assets/third-party/font-awesome-5.13.0/webfonts/fa-solid-900.woff2 HTTP/1.1" 200 79823 "https://intranet.smith.russellmitchell.com/wp-content/plugins/wpdiscuz/assets/third-party/font-awesome-5.13.0/css/fa.min.css?ver=7.0.4" "Mozilla/5.0 (X11; Linux x86_64) AppleWebKit/537.36 (KHTML, like Gecko) HeadlessChrome/97.0.4692.71 Safari/537.36"
172.19.131.174 - - [21/Jan/2022:18:27:39 +0000] "GET /wp-content/plugins/wpdiscuz/assets/third-party/font-awesome-5.13.0/webfonts/fa-brands-400.woff2 HTTP/1.1" 200 76991 "https://intranet.smith.russellmitchell.com/wp-content/plugins/wpdiscuz/assets/third-party/font-awesome-5.13.0/css/fa.min.css?ver=7.0.4" "Mozilla/5.0 (X11; Linux x86_64) AppleWebKit/537.36 (KHTML, like Gecko) HeadlessChrome/97.0.4692.71 Safari/537.36"
172.19.131.174 - - [21/Jan/2022:18:27:39 +0000] "GET /wp-content/themes/go/dist/js/frontend.min.js?ver=1.5.2 HTTP/1.1" 200 2981 "https://intranet.smith.russellmitchell.com/?p=5" "Mozilla/5.0 (X11; Linux x86_64) AppleWebKit/537.36 (KHTML, like Gecko) HeadlessChrome/97.0.4692.71 Safari/537.36"
172.19.131.174 - - [21/Jan/2022:18:27:39 +0000] "GET /wp-includes/js/comment-reply.min.js?ver=5.8.3 HTTP/1.1" 200 1702 "https://intranet.smith.russellmitchell.com/?p=5" "Mozilla/5.0 (X11; Linux x86_64) AppleWebKit/537.36 (KHTML, like Gecko) HeadlessChrome/97.0.4692.71 Safari/537.36"
172.19.131.174 - - [21/Jan/2022:18:27:39 +0000] "GET /wp-includes/js/wp-embed.min.js?ver=5.8.3 HTTP/1.1" 200 1120 "https://intranet.smith.russellmitchell.com/?p=5" "Mozilla/5.0 (X11; Linux x86_64) AppleWebKit/537.36 (KHTML, like Gecko) HeadlessChrome/97.0.4692.71 Safari/537.36"
172.19.131.174 - - [21/Jan/2022:18:27:39 +0000] "GET /wp-content/plugins/wpdiscuz/assets/js/wpdiscuz-combo.min.js?ver=7.0.4 HTTP/1.1" 200 71266 "https://intranet.smith.russellmitchell.com/?p=5" "Mozilla/5.0 (X11; Linux x86_64) AppleWebKit/537.36 (KHTML, like Gecko) HeadlessChrome/97.0.4692.71 Safari/537.36"
::1 - - [21/Jan/2022:18:27:47 +0000] "OPTIONS * HTTP/1.0" 200 110 "-" "Apache/2.4.29 (Ubuntu) OpenSSL/1.1.1 (internal dummy connection)"
10.143.2.91 - - [21/Jan/2022:18:29:39 +0000] "GET / HTTP/1.1" 200 6203 "-" "Mozilla/5.0 (X11; Ubuntu; Linux x86_64; rv:86.0) Gecko/20100101 Firefox/86.0"
10.143.2.4 - - [21/Jan/2022:18:29:39 +0000] "POST /wp-cron.php?doing_wp_cron=1642789779.6209640502929687500000 HTTP/1.1" 200 150 "-" "WordPress/5.8.3; https://intranet.smith.russellmitchell.com"
172.19.131.174 - - [21/Jan/2022:18:30:17 +0000] "GET / HTTP/1.1" 200 6203 "-" "Mozilla/5.0 (X11; Linux x86_64) AppleWebKit/537.36 (KHTML, like Gecko) HeadlessChrome/97.0.4692.71 Safari/537.36"
10.143.3.65 - - [21/Jan/2022:18:45:45 +0000] "GET / HTTP/1.1" 200 6203 "-" "Mozilla/5.0 (X11; Ubuntu; Linux x86_64; rv:86.0) Gecko/20100101 Firefox/86.0"
10.143.3.65 - - [21/Jan/2022:18:45:46 +0000] "GET /wp-includes/css/dist/block-library/style.min.css?ver=5.8.3 HTTP/1.1" 200 10846 "http://intranet.smith.russellmitchell.com/" "Mozilla/5.0 (X11; Ubuntu; Linux x86_64; rv:86.0) Gecko/20100101 Firefox/86.0"
10.143.3.65 - - [21/Jan/2022:18:45:46 +0000] "GET /wp-content/themes/go/dist/css/design-styles/style-traditional.min.css?ver=1.5.2 HTTP/1.1" 200 1412 "http://intranet.smith.russellmitchell.com/" "Mozilla/5.0 (X11; Ubuntu; Linux x86_64; rv:86.0) Gecko/20100101 Firefox/86.0"
10.143.3.65 - - [21/Jan/2022:18:45:46 +0000] "GET /wp-content/themes/go/dist/js/frontend.min.js?ver=1.5.2 HTTP/1.1" 200 2916 "http://intranet.smith.russellmitchell.com/" "Mozilla/5.0 (X11; Ubuntu; Linux x86_64; rv:86.0) Gecko/20100101 Firefox/86.0"
10.143.3.65 - - [21/Jan/2022:18:45:46 +0000] "GET /wp-includes/js/wp-embed.min.js?ver=5.8.3 HTTP/1.1" 200 1099 "http://intranet.smith.russellmitchell.com/" "Mozilla/5.0 (X11; Ubuntu; Linux x86_64; rv:86.0) Gecko/20100101 Firefox/86.0"
10.143.3.65 - - [21/Jan/2022:18:45:46 +0000] "GET /wp-includes/js/wp-emoji-release.min.js?ver=5.8.3 HTTP/1.1" 200 5265 "http://intranet.smith.russellmitchell.com/" "Mozilla/5.0 (X11; Ubuntu; Linux x86_64; rv:86.0) Gecko/20100101 Firefox/86.0"
10.143.3.65 - - [21/Jan/2022:18:45:46 +0000] "GET /wp-content/themes/go/dist/css/style-shared.min.css?ver=1.5.2 HTTP/1.1" 200 23204 "http://intranet.smith.russellmitchell.com/" "Mozilla/5.0 (X11; Ubuntu; Linux x86_64; rv:86.0) Gecko/20100101 Firefox/86.0"
10.143.3.65 - - [21/Jan/2022:18:45:46 +0000] "GET /favicon.ico HTTP/1.1" 404 396 "http://intranet.smith.russellmitchell.com/" "Mozilla/5.0 (X11; Ubuntu; Linux x86_64; rv:86.0) Gecko/20100101 Firefox/86.0"
10.143.3.65 - - [21/Jan/2022:18:48:45 +0000] "GET /?p=5 HTTP/1.1" 200 26017 "-" "Mozilla/5.0 (X11; Ubuntu; Linux x86_64; rv:86.0) Gecko/20100101 Firefox/86.0"
10.143.3.65 - - [21/Jan/2022:18:48:45 +0000] "GET /wp-includes/css/dist/block-library/style.min.css?ver=5.8.3 HTTP/1.1" 200 10934 "https://intranet.smith.russellmitchell.com/?p=5" "Mozilla/5.0 (X11; Ubuntu; Linux x86_64; rv:86.0) Gecko/20100101 Firefox/86.0"
10.143.3.65 - - [21/Jan/2022:18:48:45 +0000] "GET /wp-content/plugins/wpdiscuz/themes/default/style.css?ver=7.0.4 HTTP/1.1" 200 19726 "https://intranet.smith.russellmitchell.com/?p=5" "Mozilla/5.0 (X11; Ubuntu; Linux x86_64; rv:86.0) Gecko/20100101 Firefox/86.0"
10.143.3.65 - - [21/Jan/2022:18:48:45 +0000] "GET /wp-content/plugins/wpdiscuz/assets/third-party/font-awesome-5.13.0/css/fa.min.css?ver=7.0.4 HTTP/1.1" 200 2888 "https://intranet.smith.russellmitchell.com/?p=5" "Mozilla/5.0 (X11; Ubuntu; Linux x86_64; rv:86.0) Gecko/20100101 Firefox/86.0"
10.143.3.65 - - [21/Jan/2022:18:48:45 +0000] "GET /wp-content/themes/go/dist/css/style-shared.min.css?ver=1.5.2 HTTP/1.1" 200 23313 "https://intranet.smith.russellmitchell.com/?p=5" "Mozilla/5.0 (X11; Ubuntu; Linux x86_64; rv:86.0) Gecko/20100101 Firefox/86.0"
10.143.3.65 - - [21/Jan/2022:18:48:45 +0000] "GET /wp-includes/js/jquery/jquery-migrate.min.js?ver=3.3.2 HTTP/1.1" 200 5146 "https://intranet.smith.russellmitchell.com/?p=5" "Mozilla/5.0 (X11; Ubuntu; Linux x86_64; rv:86.0) Gecko/20100101 Firefox/86.0"
10.143.3.65 - - [21/Jan/2022:18:48:45 +0000] "GET /wp-includes/js/jquery/jquery.min.js?ver=3.6.0 HTTP/1.1" 200 31953 "https://intranet.smith.russellmitchell.com/?p=5" "Mozilla/5.0 (X11; Ubuntu; Linux x86_64; rv:86.0) Gecko/20100101 Firefox/86.0"
10.143.3.65 - - [21/Jan/2022:18:48:45 +0000] "GET /wp-content/themes/go/dist/css/design-styles/style-traditional.min.css?ver=1.5.2 HTTP/1.1" 200 2009 "https://intranet.smith.russellmitchell.com/?p=5" "Mozilla/5.0 (X11; Ubuntu; Linux x86_64; rv:86.0) Gecko/20100101 Firefox/86.0"
10.143.3.65 - - [21/Jan/2022:18:48:45 +0000] "GET /wp-content/themes/go/dist/js/frontend.min.js?ver=1.5.2 HTTP/1.1" 200 2981 "https://intranet.smith.russellmitchell.com/?p=5" "Mozilla/5.0 (X11; Ubuntu; Linux x86_64; rv:86.0) Gecko/20100101 Firefox/86.0"
10.143.3.65 - - [21/Jan/2022:18:48:45 +0000] "GET /wp-content/plugins/wpdiscuz/assets/css/wpdiscuz-combo.min.css?ver=5.8.3 HTTP/1.1" 200 7375 "https://intranet.smith.russellmitchell.com/?p=5" "Mozilla/5.0 (X11; Ubuntu; Linux x86_64; rv:86.0) Gecko/20100101 Firefox/86.0"
10.143.3.65 - - [21/Jan/2022:18:48:45 +0000] "GET /wp-includes/js/wp-emoji-release.min.js?ver=5.8.3 HTTP/1.1" 200 5907 "https://intranet.smith.russellmitchell.com/?p=5" "Mozilla/5.0 (X11; Ubuntu; Linux x86_64; rv:86.0) Gecko/20100101 Firefox/86.0"
10.143.3.65 - - [21/Jan/2022:18:48:45 +0000] "GET /wp-includes/js/comment-reply.min.js?ver=5.8.3 HTTP/1.1" 200 1702 "https://intranet.smith.russellmitchell.com/?p=5" "Mozilla/5.0 (X11; Ubuntu; Linux x86_64; rv:86.0) Gecko/20100101 Firefox/86.0"
10.143.3.65 - - [21/Jan/2022:18:48:45 +0000] "GET /wp-includes/js/wp-embed.min.js?ver=5.8.3 HTTP/1.1" 200 1120 "https://intranet.smith.russellmitchell.com/?p=5" "Mozilla/5.0 (X11; Ubuntu; Linux x86_64; rv:86.0) Gecko/20100101 Firefox/86.0"
10.143.3.65 - - [21/Jan/2022:18:48:45 +0000] "GET /wp-content/plugins/wpdiscuz/assets/js/wpdiscuz-combo.min.js?ver=7.0.4 HTTP/1.1" 200 71266 "https://intranet.smith.russellmitchell.com/?p=5" "Mozilla/5.0 (X11; Ubuntu; Linux x86_64; rv:86.0) Gecko/20100101 Firefox/86.0"
10.143.3.65 - - [21/Jan/2022:18:48:45 +0000] "GET /wp-content/plugins/wpdiscuz/themes/default/css/fonts/sqr721c-webfont.woff2 HTTP/1.1" 200 18908 "https://intranet.smith.russellmitchell.com/wp-content/plugins/wpdiscuz/themes/default/style.css?ver=7.0.4" "Mozilla/5.0 (X11; Ubuntu; Linux x86_64; rv:86.0) Gecko/20100101 Firefox/86.0"
10.143.3.65 - - [21/Jan/2022:18:48:45 +0000] "GET /wp-content/plugins/wpdiscuz/assets/third-party/font-awesome-5.13.0/webfonts/fa-regular-400.woff2 HTTP/1.1" 200 13874 "https://intranet.smith.russellmitchell.com/wp-content/plugins/wpdiscuz/assets/third-party/font-awesome-5.13.0/css/fa.min.css?ver=7.0.4" "Mozilla/5.0 (X11; Ubuntu; Linux x86_64; rv:86.0) Gecko/20100101 Firefox/86.0"
10.143.3.65 - - [21/Jan/2022:18:48:45 +0000] "GET /wp-content/plugins/wpdiscuz/assets/third-party/font-awesome-5.13.0/webfonts/fa-solid-900.woff2 HTTP/1.1" 200 79823 "https://intranet.smith.russellmitchell.com/wp-content/plugins/wpdiscuz/assets/third-party/font-awesome-5.13.0/css/fa.min.css?ver=7.0.4" "Mozilla/5.0 (X11; Ubuntu; Linux x86_64; rv:86.0) Gecko/20100101 Firefox/86.0"
10.143.3.65 - - [21/Jan/2022:18:48:45 +0000] "GET /wp-content/plugins/wpdiscuz/assets/third-party/font-awesome-5.13.0/webfonts/fa-brands-400.woff2 HTTP/1.1" 200 76991 "https://intranet.smith.russellmitchell.com/wp-content/plugins/wpdiscuz/assets/third-party/font-awesome-5.13.0/css/fa.min.css?ver=7.0.4" "Mozilla/5.0 (X11; Ubuntu; Linux x86_64; rv:86.0) Gecko/20100101 Firefox/86.0"
10.143.3.65 - - [21/Jan/2022:18:48:45 +0000] "GET /favicon.ico HTTP/1.1" 404 418 "https://intranet.smith.russellmitchell.com/?p=5" "Mozilla/5.0 (X11; Ubuntu; Linux x86_64; rv:86.0) Gecko/20100101 Firefox/86.0"
::1 - - [21/Jan/2022:18:48:51 +0000] "OPTIONS * HTTP/1.0" 200 110 "-" "Apache/2.4.29 (Ubuntu) OpenSSL/1.1.1 (internal dummy connection)"
172.19.131.174 - - [21/Jan/2022:18:49:45 +0000] "GET / HTTP/1.1" 200 6203 "-" "Mozilla/5.0 (X11; Ubuntu; Linux x86_64; rv:86.0) Gecko/20100101 Firefox/86.0"
172.19.131.174 - - [21/Jan/2022:18:49:46 +0000] "GET /wp-includes/css/dist/block-library/style.min.css?ver=5.8.3 HTTP/1.1" 200 10846 "http://intranet.smith.russellmitchell.com/" "Mozilla/5.0 (X11; Ubuntu; Linux x86_64; rv:86.0) Gecko/20100101 Firefox/86.0"
172.19.131.174 - - [21/Jan/2022:18:49:46 +0000] "GET /wp-includes/js/wp-embed.min.js?ver=5.8.3 HTTP/1.1" 200 1099 "http://intranet.smith.russellmitchell.com/" "Mozilla/5.0 (X11; Ubuntu; Linux x86_64; rv:86.0) Gecko/20100101 Firefox/86.0"
172.19.131.174 - - [21/Jan/2022:18:49:46 +0000] "GET /wp-content/themes/go/dist/js/frontend.min.js?ver=1.5.2 HTTP/1.1" 200 2916 "http://intranet.smith.russellmitchell.com/" "Mozilla/5.0 (X11; Ubuntu; Linux x86_64; rv:86.0) Gecko/20100101 Firefox/86.0"
172.19.131.174 - - [21/Jan/2022:18:49:46 +0000] "GET /wp-content/themes/go/dist/css/design-styles/style-traditional.min.css?ver=1.5.2 HTTP/1.1" 200 1412 "http://intranet.smith.russellmitchell.com/" "Mozilla/5.0 (X11; Ubuntu; Linux x86_64; rv:86.0) Gecko/20100101 Firefox/86.0"
172.19.131.174 - - [21/Jan/2022:18:49:46 +0000] "GET /wp-includes/js/wp-emoji-release.min.js?ver=5.8.3 HTTP/1.1" 200 5265 "http://intranet.smith.russellmitchell.com/" "Mozilla/5.0 (X11; Ubuntu; Linux x86_64; rv:86.0) Gecko/20100101 Firefox/86.0"
172.19.131.174 - - [21/Jan/2022:18:49:46 +0000] "GET /wp-content/themes/go/dist/css/style-shared.min.css?ver=1.5.2 HTTP/1.1" 200 23204 "http://intranet.smith.russellmitchell.com/" "Mozilla/5.0 (X11; Ubuntu; Linux x86_64; rv:86.0) Gecko/20100101 Firefox/86.0"
172.19.131.174 - - [21/Jan/2022:18:49:46 +0000] "GET /favicon.ico HTTP/1.1" 404 396 "http://intranet.smith.russellmitchell.com/" "Mozilla/5.0 (X11; Ubuntu; Linux x86_64; rv:86.0) Gecko/20100101 Firefox/86.0"
172.19.131.174 - - [21/Jan/2022:18:51:14 +0000] "GET /?p=5 HTTP/1.1" 200 26015 "-" "Mozilla/5.0 (X11; Ubuntu; Linux x86_64; rv:86.0) Gecko/20100101 Firefox/86.0"
172.19.131.174 - - [21/Jan/2022:18:51:14 +0000] "GET /wp-includes/css/dist/block-library/style.min.css?ver=5.8.3 HTTP/1.1" 200 10934 "https://intranet.smith.russellmitchell.com/?p=5" "Mozilla/5.0 (X11; Ubuntu; Linux x86_64; rv:86.0) Gecko/20100101 Firefox/86.0"
172.19.131.174 - - [21/Jan/2022:18:51:14 +0000] "GET /wp-content/plugins/wpdiscuz/themes/default/style.css?ver=7.0.4 HTTP/1.1" 200 19726 "https://intranet.smith.russellmitchell.com/?p=5" "Mozilla/5.0 (X11; Ubuntu; Linux x86_64; rv:86.0) Gecko/20100101 Firefox/86.0"
172.19.131.174 - - [21/Jan/2022:18:51:14 +0000] "GET /wp-content/plugins/wpdiscuz/assets/third-party/font-awesome-5.13.0/css/fa.min.css?ver=7.0.4 HTTP/1.1" 200 2888 "https://intranet.smith.russellmitchell.com/?p=5" "Mozilla/5.0 (X11; Ubuntu; Linux x86_64; rv:86.0) Gecko/20100101 Firefox/86.0"
172.19.131.174 - - [21/Jan/2022:18:51:14 +0000] "GET /wp-content/themes/go/dist/css/design-styles/style-traditional.min.css?ver=1.5.2 HTTP/1.1" 200 2009 "https://intranet.smith.russellmitchell.com/?p=5" "Mozilla/5.0 (X11; Ubuntu; Linux x86_64; rv:86.0) Gecko/20100101 Firefox/86.0"
172.19.131.174 - - [21/Jan/2022:18:51:14 +0000] "GET /wp-includes/js/jquery/jquery-migrate.min.js?ver=3.3.2 HTTP/1.1" 200 5146 "https://intranet.smith.russellmitchell.com/?p=5" "Mozilla/5.0 (X11; Ubuntu; Linux x86_64; rv:86.0) Gecko/20100101 Firefox/86.0"
172.19.131.174 - - [21/Jan/2022:18:51:14 +0000] "GET /wp-content/plugins/wpdiscuz/assets/css/wpdiscuz-combo.min.css?ver=5.8.3 HTTP/1.1" 200 7375 "https://intranet.smith.russellmitchell.com/?p=5" "Mozilla/5.0 (X11; Ubuntu; Linux x86_64; rv:86.0) Gecko/20100101 Firefox/86.0"
172.19.131.174 - - [21/Jan/2022:18:51:14 +0000] "GET /wp-content/themes/go/dist/js/frontend.min.js?ver=1.5.2 HTTP/1.1" 200 2981 "https://intranet.smith.russellmitchell.com/?p=5" "Mozilla/5.0 (X11; Ubuntu; Linux x86_64; rv:86.0) Gecko/20100101 Firefox/86.0"
172.19.131.174 - - [21/Jan/2022:18:51:14 +0000] "GET /wp-includes/js/wp-emoji-release.min.js?ver=5.8.3 HTTP/1.1" 200 5331 "https://intranet.smith.russellmitchell.com/?p=5" "Mozilla/5.0 (X11; Ubuntu; Linux x86_64; rv:86.0) Gecko/20100101 Firefox/86.0"
172.19.131.174 - - [21/Jan/2022:18:51:14 +0000] "GET /wp-includes/js/comment-reply.min.js?ver=5.8.3 HTTP/1.1" 200 1702 "https://intranet.smith.russellmitchell.com/?p=5" "Mozilla/5.0 (X11; Ubuntu; Linux x86_64; rv:86.0) Gecko/20100101 Firefox/86.0"
172.19.131.174 - - [21/Jan/2022:18:51:14 +0000] "GET /wp-includes/js/wp-embed.min.js?ver=5.8.3 HTTP/1.1" 200 1120 "https://intranet.smith.russellmitchell.com/?p=5" "Mozilla/5.0 (X11; Ubuntu; Linux x86_64; rv:86.0) Gecko/20100101 Firefox/86.0"
172.19.131.174 - - [21/Jan/2022:18:51:14 +0000] "GET /wp-content/themes/go/dist/css/style-shared.min.css?ver=1.5.2 HTTP/1.1" 200 23889 "https://intranet.smith.russellmitchell.com/?p=5" "Mozilla/5.0 (X11; Ubuntu; Linux x86_64; rv:86.0) Gecko/20100101 Firefox/86.0"
172.19.131.174 - - [21/Jan/2022:18:51:14 +0000] "GET /wp-includes/js/jquery/jquery.min.js?ver=3.6.0 HTTP/1.1" 200 31953 "https://intranet.smith.russellmitchell.com/?p=5" "Mozilla/5.0 (X11; Ubuntu; Linux x86_64; rv:86.0) Gecko/20100101 Firefox/86.0"
172.19.131.174 - - [21/Jan/2022:18:51:14 +0000] "GET /wp-content/plugins/wpdiscuz/assets/js/wpdiscuz-combo.min.js?ver=7.0.4 HTTP/1.1" 200 71266 "https://intranet.smith.russellmitchell.com/?p=5" "Mozilla/5.0 (X11; Ubuntu; Linux x86_64; rv:86.0) Gecko/20100101 Firefox/86.0"
172.19.131.174 - - [21/Jan/2022:18:51:14 +0000] "GET /wp-content/plugins/wpdiscuz/themes/default/css/fonts/sqr721c-webfont.woff2 HTTP/1.1" 200 18908 "https://intranet.smith.russellmitchell.com/wp-content/plugins/wpdiscuz/themes/default/style.css?ver=7.0.4" "Mozilla/5.0 (X11; Ubuntu; Linux x86_64; rv:86.0) Gecko/20100101 Firefox/86.0"
172.19.131.174 - - [21/Jan/2022:18:51:14 +0000] "GET /wp-content/plugins/wpdiscuz/assets/third-party/font-awesome-5.13.0/webfonts/fa-regular-400.woff2 HTTP/1.1" 200 13874 "https://intranet.smith.russellmitchell.com/wp-content/plugins/wpdiscuz/assets/third-party/font-awesome-5.13.0/css/fa.min.css?ver=7.0.4" "Mozilla/5.0 (X11; Ubuntu; Linux x86_64; rv:86.0) Gecko/20100101 Firefox/86.0"
172.19.131.174 - - [21/Jan/2022:18:51:14 +0000] "GET /wp-content/plugins/wpdiscuz/assets/third-party/font-awesome-5.13.0/webfonts/fa-solid-900.woff2 HTTP/1.1" 200 79823 "https://intranet.smith.russellmitchell.com/wp-content/plugins/wpdiscuz/assets/third-party/font-awesome-5.13.0/css/fa.min.css?ver=7.0.4" "Mozilla/5.0 (X11; Ubuntu; Linux x86_64; rv:86.0) Gecko/20100101 Firefox/86.0"
172.19.131.174 - - [21/Jan/2022:18:51:14 +0000] "GET /wp-content/plugins/wpdiscuz/assets/third-party/font-awesome-5.13.0/webfonts/fa-brands-400.woff2 HTTP/1.1" 200 76991 "https://intranet.smith.russellmitchell.com/wp-content/plugins/wpdiscuz/assets/third-party/font-awesome-5.13.0/css/fa.min.css?ver=7.0.4" "Mozilla/5.0 (X11; Ubuntu; Linux x86_64; rv:86.0) Gecko/20100101 Firefox/86.0"
172.19.131.174 - - [21/Jan/2022:18:51:15 +0000] "GET /favicon.ico HTTP/1.1" 404 418 "https://intranet.smith.russellmitchell.com/?p=5" "Mozilla/5.0 (X11; Ubuntu; Linux x86_64; rv:86.0) Gecko/20100101 Firefox/86.0"
::1 - - [21/Jan/2022:18:51:20 +0000] "OPTIONS * HTTP/1.0" 200 110 "-" "Apache/2.4.29 (Ubuntu) OpenSSL/1.1.1 (internal dummy connection)"
10.143.3.65 - - [21/Jan/2022:18:52:22 +0000] "GET /wp-content/plugins/wpdiscuz/assets/img/loading.gif HTTP/1.1" 200 4069 "https://intranet.smith.russellmitchell.com/wp-content/plugins/wpdiscuz/themes/default/style.css?ver=7.0.4" "Mozilla/5.0 (X11; Ubuntu; Linux x86_64; rv:86.0) Gecko/20100101 Firefox/86.0"
10.143.3.65 - - [21/Jan/2022:18:52:22 +0000] "POST /wp-admin/admin-ajax.php HTTP/1.1" 200 1237 "https://intranet.smith.russellmitchell.com/?p=5" "Mozilla/5.0 (X11; Ubuntu; Linux x86_64; rv:86.0) Gecko/20100101 Firefox/86.0"
10.143.3.65 - - [21/Jan/2022:18:52:31 +0000] "GET / HTTP/1.1" 200 6203 "-" "Mozilla/5.0 (X11; Ubuntu; Linux x86_64; rv:86.0) Gecko/20100101 Firefox/86.0"
172.19.131.174 - - [21/Jan/2022:18:54:23 +0000] "GET /wp-content/plugins/wpdiscuz/assets/img/loading.gif HTTP/1.1" 200 4069 "https://intranet.smith.russellmitchell.com/wp-content/plugins/wpdiscuz/themes/default/style.css?ver=7.0.4" "Mozilla/5.0 (X11; Ubuntu; Linux x86_64; rv:86.0) Gecko/20100101 Firefox/86.0"
172.19.131.174 - - [21/Jan/2022:18:54:23 +0000] "POST /wp-admin/admin-ajax.php HTTP/1.1" 200 5696 "https://intranet.smith.russellmitchell.com/?p=5" "Mozilla/5.0 (X11; Ubuntu; Linux x86_64; rv:86.0) Gecko/20100101 Firefox/86.0"
172.19.131.174 - - [21/Jan/2022:18:54:23 +0000] "POST /wp-admin/admin-ajax.php HTTP/1.1" 200 549 "https://intranet.smith.russellmitchell.com/?p=5" "Mozilla/5.0 (X11; Ubuntu; Linux x86_64; rv:86.0) Gecko/20100101 Firefox/86.0"
172.19.131.174 - - [21/Jan/2022:18:54:45 +0000] "POST /wp-admin/admin-ajax.php HTTP/1.1" 200 1187 "https://intranet.smith.russellmitchell.com/?p=5" "Mozilla/5.0 (X11; Ubuntu; Linux x86_64; rv:86.0) Gecko/20100101 Firefox/86.0"
172.19.131.174 - - [21/Jan/2022:18:55:28 +0000] "POST /wp-admin/admin-ajax.php HTTP/1.1" 200 5606 "https://intranet.smith.russellmitchell.com/?p=5" "Mozilla/5.0 (X11; Ubuntu; Linux x86_64; rv:86.0) Gecko/20100101 Firefox/86.0"
172.19.131.174 - - [21/Jan/2022:18:55:29 +0000] "POST /wp-admin/admin-ajax.php HTTP/1.1" 200 549 "https://intranet.smith.russellmitchell.com/?p=5" "Mozilla/5.0 (X11; Ubuntu; Linux x86_64; rv:86.0) Gecko/20100101 Firefox/86.0"
